// Jest Snapshot v1, https://goo.gl/fbAQLP

exports[`Booking component renders correctly 1`] = `
<div
  className="w-full md:w-5/6 flex justify-center my-10"
>
  <div
    className="w-5/6 flex flex-col items-center gap-10"
  >
    <div
      className="self-start w-5/6"
    >
      <h3
        className="text-3xl font-semibold"
      >
        LET’S MATCH YOU WITH THE RIGHT THERAPIST
      </h3>
      <p
        className="text-gray-400 text-xl pt-2 font-medium"
      >
        Please fill out this short questionnarie to provide some general and anonymous background about you and the issues you’d like to deal with in online therapy. It would help us match you with the most suitable therapist for you. 
      </p>
    </div>
    <div
      className="border border-solid border-gray-200 h-96 w-full md:w-5/6 lg:w-4/6 px-2 md:px-10 py-5 flex flex-col justify-between items-start rounded-md shadow-xl flex-wrap"
    >
      <div
        className="h-1/6"
      >
        <h2
          className="text-2xl font-medium"
        >
          What Type Of Counseling Are You Looking For?
        </h2>
      </div>
      <div
        className="w-full h-4/6 flex flex-col justify-center md:justify-start gap-2 pt-5"
      >
        <input
          className="w-full border border-solid border-2 border-gray-200 rounded-lg text-md md:text-xl font-semibold pl-2 py-2 text-left hover:bg-gray-100 focus:bg-cyan-400 focus:text-slate-100"
          onClick={[Function]}
          type="button"
          value="Individual Counseling"
        />
        <input
          className="w-full border border-solid border-2 border-gray-200 rounded-lg text-md md:text-xl font-semibold pl-2 py-2 text-left hover:bg-gray-100 focus:bg-cyan-400 focus:text-slate-100"
          onClick={[Function]}
          type="button"
          value="Teen Counseling (For My Child)"
        />
      </div>
      <div
        className="flex justify-start items-center w-5/6 h-1/6"
      >
        <input
          className="py-2 px-5 hover:bg-cyan-200 bg-cyan-400 font-medium rounded"
          onClick={[Function]}
          type="button"
          value="NEXT"
        />
      </div>
    </div>
  </div>
</div>
`;
